(types.GetTripsResponse) (len=1) {
  (*types.Trip)({
    EndDate: (*string)((len=10) "2025-01-11"),
    ID: (*strfmt.UUID4)((len=36) 98ad176b-af90-44b7-b991-d9ebfc5dd933),
    Name: (*string)((len=14) "Winter Getaway"),
    StartDate: (*string)((len=10) "2025-01-06")
  })
}
